MPLINK 5.08, LINKER
Linker Map File - Created Mon May 30 06:00:23 2016

                                 Section Info
                  Section       Type    Address   Location Size(Bytes)
                ---------  ---------  ---------  ---------  ---------
                   .org_0       code   0x000000    program   0x000004
                   .cinit    romdata   0x000004    program   0x000002
                   .org_1       code   0x000008    program   0x00009e
.config_300000_BUILD/DEFAULT/PRODUCTION/PF.O    romdata   0x300000    program   0x000001
.config_300001_BUILD/DEFAULT/PRODUCTION/PF.O    romdata   0x300001    program   0x000001
.config_300002_BUILD/DEFAULT/PRODUCTION/PF.O    romdata   0x300002    program   0x000001
.config_300003_BUILD/DEFAULT/PRODUCTION/PF.O    romdata   0x300003    program   0x000001
.config_300005_BUILD/DEFAULT/PRODUCTION/PF.O    romdata   0x300005    program   0x000001
.config_300006_BUILD/DEFAULT/PRODUCTION/PF.O    romdata   0x300006    program   0x000001
.config_300008_BUILD/DEFAULT/PRODUCTION/PF.O    romdata   0x300008    program   0x000001
.config_300009_BUILD/DEFAULT/PRODUCTION/PF.O    romdata   0x300009    program   0x000001
.config_30000A_BUILD/DEFAULT/PRODUCTION/PF.O    romdata   0x30000a    program   0x000001
.config_30000B_BUILD/DEFAULT/PRODUCTION/PF.O    romdata   0x30000b    program   0x000001
.config_30000C_BUILD/DEFAULT/PRODUCTION/PF.O    romdata   0x30000c    program   0x000001
.config_30000D_BUILD/DEFAULT/PRODUCTION/PF.O    romdata   0x30000d    program   0x000001



                              Program Memory Usage 
                               Start         End      
                           ---------   ---------      
                            0x000000    0x000005      
                            0x000008    0x0000a5      
                            0x300000    0x300003      
                            0x300005    0x300006      
                            0x300008    0x30000d      
            176 out of 33048 program addresses used, program memory utilization is 0%



                              Symbols - Sorted by Name
                     Name    Address   Location    Storage File                     
                ---------  ---------  ---------  --------- ---------                
                Recepcion   0x00007e    program     static C:\Users\YURITZA\MPLABXProjects\PFinal.X\pf.asm
                   Tiempo   0x00004e    program     static C:\Users\YURITZA\MPLABXProjects\PFinal.X\pf.asm
                  aumenta   0x00005e    program     static C:\Users\YURITZA\MPLABXProjects\PFinal.X\pf.asm
                  conv_AD   0x00006e    program     static C:\Users\YURITZA\MPLABXProjects\PFinal.X\pf.asm
                    envia   0x000074    program     static C:\Users\YURITZA\MPLABXProjects\PFinal.X\pf.asm
                   inicio   0x00000c    program     static C:\Users\YURITZA\MPLABXProjects\PFinal.X\pf.asm
                int_time1   0x000050    program     static C:\Users\YURITZA\MPLABXProjects\PFinal.X\pf.asm
                   noFERR   0x00008a    program     static C:\Users\YURITZA\MPLABXProjects\PFinal.X\pf.asm
                   noOERR   0x000096    program     static C:\Users\YURITZA\MPLABXProjects\PFinal.X\pf.asm



                              Symbols - Sorted by Address
                     Name    Address   Location    Storage File                     
                ---------  ---------  ---------  --------- ---------                
                   inicio   0x00000c    program     static C:\Users\YURITZA\MPLABXProjects\PFinal.X\pf.asm
                   Tiempo   0x00004e    program     static C:\Users\YURITZA\MPLABXProjects\PFinal.X\pf.asm
                int_time1   0x000050    program     static C:\Users\YURITZA\MPLABXProjects\PFinal.X\pf.asm
                  aumenta   0x00005e    program     static C:\Users\YURITZA\MPLABXProjects\PFinal.X\pf.asm
                  conv_AD   0x00006e    program     static C:\Users\YURITZA\MPLABXProjects\PFinal.X\pf.asm
                    envia   0x000074    program     static C:\Users\YURITZA\MPLABXProjects\PFinal.X\pf.asm
                Recepcion   0x00007e    program     static C:\Users\YURITZA\MPLABXProjects\PFinal.X\pf.asm
                   noFERR   0x00008a    program     static C:\Users\YURITZA\MPLABXProjects\PFinal.X\pf.asm
                   noOERR   0x000096    program     static C:\Users\YURITZA\MPLABXProjects\PFinal.X\pf.asm


